// Jest Snapshot v1, https://goo.gl/fbAQLP

exports[`Brand mapDispatchToProps function fires 1`] = `
<Connect(Brand)
  store={
    Object {
      "clearActions": [Function],
      "dispatch": [Function],
      "getActions": [Function],
      "getState": [Function],
      "replaceReducer": [Function],
      "subscribe": [Function],
    }
  }
>
  <Brand
    navHidden={true}
    store={
      Object {
        "clearActions": [Function],
        "dispatch": [Function],
        "getActions": [Function],
        "getState": [Function],
        "replaceReducer": [Function],
        "subscribe": [Function],
      }
    }
    toggleNav={[Function]}
  >
    <div
      className="pf-c-page__header-brand"
    >
      <div
        className="pf-c-page__header-brand-toggle"
        hidden={true}
      >
        <Component
          aria-label="Toggle primary navigation"
          onClick={[Function]}
          variant="plain"
          widget-type="InsightsNavToggle"
        >
          <ComponentWithOuia
            component={[Function]}
            componentProps={
              Object {
                "aria-label": "Toggle primary navigation",
                "children": <BarsIcon
                  color="currentColor"
                  noVerticalAlign={false}
                  size="md"
                  title={null}
                />,
                "onClick": [Function],
                "variant": "plain",
                "widget-type": "InsightsNavToggle",
              }
            }
            consumerContext={null}
          >
            <Button
              aria-label="Toggle primary navigation"
              onClick={[Function]}
              ouiaContext={
                Object {
                  "isOuia": false,
                  "ouiaId": null,
                }
              }
              variant="plain"
              widget-type="InsightsNavToggle"
            >
              <button
                aria-disabled={null}
                aria-label="Toggle primary navigation"
                className="pf-c-button pf-m-plain"
                disabled={false}
                onClick={[Function]}
                tabIndex={null}
                type="button"
                widget-type="InsightsNavToggle"
              >
                <BarsIcon
                  color="currentColor"
                  noVerticalAlign={false}
                  size="md"
                  title={null}
                >
                  <svg
                    aria-hidden={true}
                    aria-labelledby={null}
                    fill="currentColor"
                    height="1.5em"
                    role="img"
                    style={
                      Object {
                        "verticalAlign": "-0.1875em",
                      }
                    }
                    viewBox="0 0 448 512"
                    width="1.5em"
                  >
                    <path
                      d="M16 132h416c8.837 0 16-7.163 16-16V76c0-8.837-7.163-16-16-16H16C7.163 60 0 67.163 0 76v40c0 8.837 7.163 16 16 16zm0 160h416c8.837 0 16-7.163 16-16v-40c0-8.837-7.163-16-16-16H16c-8.837 0-16 7.163-16 16v40c0 8.837 7.163 16 16 16zm0 160h416c8.837 0 16-7.163 16-16v-40c0-8.837-7.163-16-16-16H16c-8.837 0-16 7.163-16 16v40c0 8.837 7.163 16 16 16z"
                      transform=""
                    />
                  </svg>
                </BarsIcon>
              </button>
            </Button>
          </ComponentWithOuia>
        </Component>
      </div>
      <a
        className="pf-c-page__header-brand-link"
        href="./"
      >
        <Logo>
          <img
            alt="Red Hat Logo"
            src="test-file-stub"
          />
        </Logo>
      </a>
    </div>
  </Brand>
</Connect(Brand)>
`;

exports[`Brand onClick should fire 1`] = `
<div
  className="pf-c-page__header-brand"
>
  <div
    className="pf-c-page__header-brand-toggle"
    hidden={true}
  >
    <Component
      aria-label="Toggle primary navigation"
      onClick={[Function]}
      variant="plain"
      widget-type="InsightsNavToggle"
    >
      <BarsIcon
        color="currentColor"
        noVerticalAlign={false}
        size="md"
        title={null}
      />
    </Component>
  </div>
  <a
    className="pf-c-page__header-brand-link"
    href="./"
  >
    <Logo />
  </a>
</div>
`;

exports[`Brand should render correctly with button 1`] = `
<div
  className="pf-c-page__header-brand"
>
  <div
    className="pf-c-page__header-brand-toggle"
  >
    <Component
      aria-label="Toggle primary navigation"
      onClick={[Function]}
      variant="plain"
      widget-type="InsightsNavToggle"
    >
      <BarsIcon
        color="currentColor"
        noVerticalAlign={false}
        size="md"
        title={null}
      />
    </Component>
  </div>
  <a
    className="pf-c-page__header-brand-link"
    href="./"
  >
    <Logo />
  </a>
</div>
`;

exports[`Brand should render correctly with initial state 1`] = `
<Provider
  store={
    Object {
      "clearActions": [Function],
      "dispatch": [Function],
      "getActions": [Function],
      "getState": [Function],
      "replaceReducer": [Function],
      "subscribe": [Function],
    }
  }
>
  <Connect(Brand)>
    <Brand
      navHidden={true}
      toggleNav={[Function]}
    >
      <div
        className="pf-c-page__header-brand"
      >
        <div
          className="pf-c-page__header-brand-toggle"
          hidden={true}
        >
          <Component
            aria-label="Toggle primary navigation"
            onClick={[Function]}
            variant="plain"
            widget-type="InsightsNavToggle"
          >
            <ComponentWithOuia
              component={[Function]}
              componentProps={
                Object {
                  "aria-label": "Toggle primary navigation",
                  "children": <BarsIcon
                    color="currentColor"
                    noVerticalAlign={false}
                    size="md"
                    title={null}
                  />,
                  "onClick": [Function],
                  "variant": "plain",
                  "widget-type": "InsightsNavToggle",
                }
              }
              consumerContext={null}
            >
              <Button
                aria-label="Toggle primary navigation"
                onClick={[Function]}
                ouiaContext={
                  Object {
                    "isOuia": false,
                    "ouiaId": null,
                  }
                }
                variant="plain"
                widget-type="InsightsNavToggle"
              >
                <button
                  aria-disabled={null}
                  aria-label="Toggle primary navigation"
                  className="pf-c-button pf-m-plain"
                  disabled={false}
                  onClick={[Function]}
                  tabIndex={null}
                  type="button"
                  widget-type="InsightsNavToggle"
                >
                  <BarsIcon
                    color="currentColor"
                    noVerticalAlign={false}
                    size="md"
                    title={null}
                  >
                    <svg
                      aria-hidden={true}
                      aria-labelledby={null}
                      fill="currentColor"
                      height="1.5em"
                      role="img"
                      style={
                        Object {
                          "verticalAlign": "-0.1875em",
                        }
                      }
                      viewBox="0 0 448 512"
                      width="1.5em"
                    >
                      <path
                        d="M16 132h416c8.837 0 16-7.163 16-16V76c0-8.837-7.163-16-16-16H16C7.163 60 0 67.163 0 76v40c0 8.837 7.163 16 16 16zm0 160h416c8.837 0 16-7.163 16-16v-40c0-8.837-7.163-16-16-16H16c-8.837 0-16 7.163-16 16v40c0 8.837 7.163 16 16 16zm0 160h416c8.837 0 16-7.163 16-16v-40c0-8.837-7.163-16-16-16H16c-8.837 0-16 7.163-16 16v40c0 8.837 7.163 16 16 16z"
                        transform=""
                      />
                    </svg>
                  </BarsIcon>
                </button>
              </Button>
            </ComponentWithOuia>
          </Component>
        </div>
        <a
          className="pf-c-page__header-brand-link"
          href="./"
        >
          <Logo>
            <img
              alt="Red Hat Logo"
              src="test-file-stub"
            />
          </Logo>
        </a>
      </div>
    </Brand>
  </Connect(Brand)>
</Provider>
`;

exports[`Brand should render correctly with state navHidden: false 1`] = `
<Provider
  store={
    Object {
      "clearActions": [Function],
      "dispatch": [Function],
      "getActions": [Function],
      "getState": [Function],
      "replaceReducer": [Function],
      "subscribe": [Function],
    }
  }
>
  <Connect(Brand)>
    <Brand
      navHidden={false}
      toggleNav={[Function]}
    >
      <div
        className="pf-c-page__header-brand"
      >
        <div
          className="pf-c-page__header-brand-toggle"
          hidden={false}
        >
          <Component
            aria-label="Toggle primary navigation"
            onClick={[Function]}
            variant="plain"
            widget-type="InsightsNavToggle"
          >
            <ComponentWithOuia
              component={[Function]}
              componentProps={
                Object {
                  "aria-label": "Toggle primary navigation",
                  "children": <BarsIcon
                    color="currentColor"
                    noVerticalAlign={false}
                    size="md"
                    title={null}
                  />,
                  "onClick": [Function],
                  "variant": "plain",
                  "widget-type": "InsightsNavToggle",
                }
              }
              consumerContext={null}
            >
              <Button
                aria-label="Toggle primary navigation"
                onClick={[Function]}
                ouiaContext={
                  Object {
                    "isOuia": false,
                    "ouiaId": null,
                  }
                }
                variant="plain"
                widget-type="InsightsNavToggle"
              >
                <button
                  aria-disabled={null}
                  aria-label="Toggle primary navigation"
                  className="pf-c-button pf-m-plain"
                  disabled={false}
                  onClick={[Function]}
                  tabIndex={null}
                  type="button"
                  widget-type="InsightsNavToggle"
                >
                  <BarsIcon
                    color="currentColor"
                    noVerticalAlign={false}
                    size="md"
                    title={null}
                  >
                    <svg
                      aria-hidden={true}
                      aria-labelledby={null}
                      fill="currentColor"
                      height="1.5em"
                      role="img"
                      style={
                        Object {
                          "verticalAlign": "-0.1875em",
                        }
                      }
                      viewBox="0 0 448 512"
                      width="1.5em"
                    >
                      <path
                        d="M16 132h416c8.837 0 16-7.163 16-16V76c0-8.837-7.163-16-16-16H16C7.163 60 0 67.163 0 76v40c0 8.837 7.163 16 16 16zm0 160h416c8.837 0 16-7.163 16-16v-40c0-8.837-7.163-16-16-16H16c-8.837 0-16 7.163-16 16v40c0 8.837 7.163 16 16 16zm0 160h416c8.837 0 16-7.163 16-16v-40c0-8.837-7.163-16-16-16H16c-8.837 0-16 7.163-16 16v40c0 8.837 7.163 16 16 16z"
                        transform=""
                      />
                    </svg>
                  </BarsIcon>
                </button>
              </Button>
            </ComponentWithOuia>
          </Component>
        </div>
        <a
          className="pf-c-page__header-brand-link"
          href="./"
        >
          <Logo>
            <img
              alt="Red Hat Logo"
              src="test-file-stub"
            />
          </Logo>
        </a>
      </div>
    </Brand>
  </Connect(Brand)>
</Provider>
`;
