// Jest Snapshot v1, https://goo.gl/fbAQLP

exports[`Header should render correctly 1`] = `
<Fragment>
  <Connect(Brand) />
  <Tools />
</Fragment>
`;

exports[`unauthed should render correctly 1`] = `
<Fragment>
  <Connect(Brand) />
  <Login />
  <LogoutAlert />
</Fragment>
`;
