// Jest Snapshot v1, https://goo.gl/fbAQLP

exports[`Login should render correctly with content 1`] = `
<Fragment>
  <Component
    action={
      <Unknown
        onClose={[Function]}
      />
    }
    className="ins-c-alert__logout"
    title="You have successfully logged out."
    variant="success"
  />
</Fragment>
`;

exports[`Login should render correctly with no content 1`] = `<Fragment />`;
