// Jest Snapshot v1, https://goo.gl/fbAQLP

exports[`ErrorBoundary should render error boundary 1`] = `
<div>
  <h1>
    Something went wrong. Error ID: 
    mock-id
  </h1>
</div>
`;
