// Jest Snapshot v1, https://goo.gl/fbAQLP

exports[`ChromeNavItem should not render nav item 1`] = `<div />`;

exports[`ChromeNavItem should render nav item 1`] = `
<div>
  <li
    class="pf-c-nav__item"
    data-ouia-component-id="Foo"
    data-ouia-component-type="PF4/NavItem"
    data-ouia-safe="true"
  >
    <a
      class="pf-c-nav__link"
      data-quickstart-id="foo"
      data-testid="router-link"
      href="/foo"
    >
      Foo
       
    </a>
  </li>
</div>
`;

exports[`ChromeNavItem should render nav item with a node title 1`] = `
<div>
  <li
    class="pf-c-nav__item"
    data-ouia-component-id="[object Object]"
    data-ouia-component-type="PF4/NavItem"
    data-ouia-safe="true"
  >
    <a
      class="pf-c-nav__link"
      data-quickstart-id="foo"
      data-testid="router-link"
      href="/foo"
    >
      <span
        data-testid="test-span"
      >
        Node title
      </span>
       
    </a>
  </li>
</div>
`;

exports[`ChromeNavItem should render nav item with an external icon 1`] = `
<div>
  <li
    class="pf-c-nav__item chr-c-navigation__additional-links"
    data-ouia-component-id="Foo"
    data-ouia-component-type="PF4/NavItem"
    data-ouia-safe="true"
  >
    <a
      class="pf-c-nav__link chr-c-navigation__additional-links"
      data-quickstart-id="/foo"
      data-testid="native-link"
      href="/foo"
      itemid="/foo"
      rel="noreferrer noopener"
      target="_blank"
    >
      Foo
       
      <svg
        aria-hidden="true"
        fill="currentColor"
        height="1em"
        role="img"
        style="vertical-align: -0.125em;"
        viewBox="0 0 512 512"
        width="1em"
      >
        <path
          d="M432,320H400a16,16,0,0,0-16,16V448H64V128H208a16,16,0,0,0,16-16V80a16,16,0,0,0-16-16H48A48,48,0,0,0,0,112V464a48,48,0,0,0,48,48H400a48,48,0,0,0,48-48V336A16,16,0,0,0,432,320ZM488,0h-128c-21.37,0-32.05,25.91-17,41l35.73,35.73L135,320.37a24,24,0,0,0,0,34L157.67,377a24,24,0,0,0,34,0L435.28,133.32,471,169c15,15,41,4.5,41-17V24A24,24,0,0,0,488,0Z"
        />
      </svg>
    </a>
  </li>
</div>
`;

exports[`ChromeNavItem should render nav item with beta badge 1`] = `
<div>
  <li
    class="pf-c-nav__item"
    data-ouia-component-id="Foo"
    data-ouia-component-type="PF4/NavItem"
    data-ouia-safe="true"
  >
    <a
      class="pf-c-nav__link"
      data-quickstart-id="foo"
      data-testid="router-link"
      href="/foo"
    >
      Foo
       
      <span
        class="pf-c-badge pf-m-unread chr-c-toolbar__beta-badge chr-c-navigation__beta-badge"
      >
        beta
      </span>
    </a>
  </li>
</div>
`;
