// Jest Snapshot v1, https://goo.gl/fbAQLP

exports[`ChromeNavGroup should not render nav item group 1`] = `<div />`;

exports[`ChromeNavGroup should render nav item group 1`] = `
<div>
  <section
    aria-labelledby="Foo"
    class="pf-c-nav__section chr-c-section-nav"
  >
    <h2
      class="pf-c-nav__section-title"
      id="Foo"
    >
      <div>
        Foo
      </div>
    </h2>
    <ul
      class="pf-c-nav__list chr-c-section-nav"
    />
  </section>
</div>
`;

exports[`ChromeNavGroup should render nav item group with icon 1`] = `
<div>
  <section
    aria-labelledby="Foo"
    class="pf-c-nav__section chr-c-section-nav"
  >
    <h2
      class="pf-c-nav__section-title"
      id="Foo"
    >
      <div>
        <svg
          aria-hidden="true"
          fill="currentColor"
          height="1em"
          role="img"
          style="vertical-align: -0.125em;"
          viewBox="0 0 512 512"
          width="1em"
        >
          <path
            d="M507.73 109.1c-2.24-9.03-13.54-12.09-20.12-5.51l-74.36 74.36-67.88-11.31-11.31-67.88 74.36-74.36c6.62-6.62 3.43-17.9-5.66-20.16-47.38-11.74-99.55.91-136.58 37.93-39.64 39.64-50.55 97.1-34.05 147.2L18.74 402.76c-24.99 24.99-24.99 65.51 0 90.5 24.99 24.99 65.51 24.99 90.5 0l213.21-213.21c50.12 16.71 107.47 5.68 147.37-34.22 37.07-37.07 49.7-89.32 37.91-136.73zM64 472c-13.25 0-24-10.75-24-24 0-13.26 10.75-24 24-24s24 10.74 24 24c0 13.25-10.75 24-24 24z"
          />
        </svg>
        Foo
      </div>
    </h2>
    <ul
      class="pf-c-nav__list chr-c-section-nav"
    />
  </section>
</div>
`;

exports[`ChromeNavGroup should render nav item group with items 1`] = `
<div>
  <section
    aria-labelledby="Foo"
    class="pf-c-nav__section chr-c-section-nav"
  >
    <h2
      class="pf-c-nav__section-title"
      id="Foo"
    >
      <div>
        Foo
      </div>
    </h2>
    <ul
      class="pf-c-nav__list chr-c-section-nav"
    >
      <li
        class="pf-c-nav__item"
        data-ouia-component-id="Sub Item"
        data-ouia-component-type="PF4/NavItem"
        data-ouia-safe="true"
      >
        <a
          class="pf-c-nav__link"
          data-quickstart-id="foo"
          data-testid="router-link"
          href="/foo"
        >
          Sub Item
           
        </a>
      </li>
    </ul>
  </section>
</div>
`;
