// Jest Snapshot v1, https://goo.gl/fbAQLP

exports[`<UserIcon /> should render correctly with initial state 1`] = `
<img
  alt="User Avatar"
  class="pf-v5-c-avatar"
  src="test-file-stub"
/>
`;
